🔧 Using backend URL: http://10.60.90.76:8000
🚀 Starting Comprehensive CRM API Tests
📍 Testing against: http://10.60.90.76:8000
============================================================
❌ Health Check - FAILED: Exception: HTTPConnectionPool(host='10.60.90.76', port=8000): Max retries exceeded with url: / (Caused by ConnectTimeoutError(<urllib3.connection.HTTPConnection object at 0xfccfbc374f50>, 'Connection to 10.60.90.76 timed out. (connect timeout=None)'))

❌ Admin Login - FAILED: Exception: HTTPConnectionPool(host='10.60.90.76', port=8000): Max retries exceeded with url: /api/login (Caused by ConnectTimeoutError(<urllib3.connection.HTTPConnection object at 0xfccfbc361a10>, 'Connection to 10.60.90.76 timed out. (connect timeout=None)'))

❌ Sales Login - FAILED: Exception: HTTPConnectionPool(host='10.60.90.76', port=8000): Max retries exceeded with url: /api/login (Caused by ConnectTimeoutError(<urllib3.connection.HTTPConnection object at 0xfccfbc376750>, 'Connection to 10.60.90.76 timed out. (connect timeout=None)'))

❌ Reviewer Login - FAILED: Exception: HTTPConnectionPool(host='10.60.90.76', port=8000): Max retries exceeded with url: /api/login (Caused by ConnectTimeoutError(<urllib3.connection.HTTPConnection object at 0xfccfbc377d10>, 'Connection to 10.60.90.76 timed out. (connect timeout=None)'))

❌ Dashboard Access - FAILED: No admin token available

❌ Company Creation (Valid GST) - FAILED: No admin token available

❌ Company Listing (Admin) - FAILED: No admin token available

❌ Leads Access (Sales User) - FAILED: No sales token available

❌ Contacts Listing - FAILED: No admin token available

❌ Opportunities Listing - FAILED: No admin token available

❌ Users Listing - FAILED: No admin token available

============================================================
📊 Test Results: 0/11 tests passed
⚠️  11 tests failed
